   Compiling volumectl v0.1.0 (/mnt/d/Projects/volume-control/crates/volumectl)
warning: unused `Result` that must be used
   --> crates/volumectl/src/linux_app.rs:165:9
    |
165 | /         main_context.with_thread_default(|| {
166 | |             timeout_add_local(Duration::from_millis(150), move || {
167 | |                 {
168 | |                     let mut c = ctx_rc.borrow_mut();
...   |
181 | |             main_loop.run();
182 | |         });
    | |__________^
    |
    = note: this `Result` may be an `Err` variant, which should be handled
    = note: `#[warn(unused_must_use)]` (part of `#[warn(unused)]`) on by default
help: use `let _ = ...` to ignore the resulting value
    |
165 |         let _ = main_context.with_thread_default(|| {
    |         +++++++

warning: `volumectl` (lib) generated 1 warning
    Finished `dev` profile [unoptimized + debuginfo] target(s) in 11.04s
