    Updating crates.io index
 Downloading crates ...
  Downloaded is-terminal v0.4.17
  Downloaded num-derive v0.4.2
  Downloaded pretty_env_logger v0.5.0
  Downloaded volumecontrol-core v0.1.2
  Downloaded itoa v1.0.18
  Downloaded humantime v2.4.0
  Downloaded termcolor v1.4.1
  Downloaded volumecontrol v0.1.4
  Downloaded zmij v1.0.23
  Downloaded pkg-config v0.3.33
  Downloaded thiserror-impl v2.0.19
  Downloaded volumecontrol-linux v0.1.2
  Downloaded quote v1.0.47
  Downloaded thiserror v2.0.19
  Downloaded env_logger v0.10.2
  Downloaded autocfg v1.5.1
  Downloaded libpulse-sys v1.23.0
  Downloaded bitflags v2.13.1
  Downloaded num-traits v0.2.19
  Downloaded serde_derive v1.0.229
  Downloaded unicode-ident v1.0.24
  Downloaded log v0.4.33
  Downloaded proc-macro2 v1.0.107
  Downloaded serde_core v1.0.229
  Downloaded serde v1.0.229
  Downloaded memchr v2.8.3
  Downloaded libpulse-binding v2.30.1
  Downloaded aho-corasick v1.1.4
  Downloaded serde_json v1.0.151
  Downloaded regex v1.13.1
  Downloaded syn v2.0.119
  Downloaded syn v3.0.3
  Downloaded regex-syntax v0.8.11
  Downloaded regex-automata v0.4.16
  Downloaded libc v0.2.189
   Compiling proc-macro2 v1.0.107
   Compiling quote v1.0.47
   Compiling unicode-ident v1.0.24
   Compiling libc v0.2.189
   Compiling autocfg v1.5.1
   Compiling num-traits v0.2.19
    Checking memchr v2.8.3
   Compiling pkg-config v0.3.33
   Compiling syn v3.0.3
   Compiling libpulse-sys v1.23.0
   Compiling syn v2.0.119
   Compiling thiserror v2.0.19
    Checking aho-corasick v1.1.4
    Checking regex-syntax v0.8.11
   Compiling serde_core v1.0.229
    Checking regex-automata v0.4.16
    Checking bitflags v2.13.1
   Compiling zmij v1.0.23
   Compiling thiserror-impl v2.0.19
   Compiling num-derive v0.4.2
    Checking regex v1.13.1
    Checking libpulse-binding v2.30.1
    Checking is-terminal v0.4.17
   Compiling serde_json v1.0.151
    Checking volumecontrol-core v0.1.2
    Checking termcolor v1.4.1
   Compiling serde v1.0.229
    Checking log v0.4.33
    Checking humantime v2.4.0
    Checking env_logger v0.10.2
   Compiling serde_derive v1.0.229
    Checking itoa v1.0.18
    Checking pretty_env_logger v0.5.0
    Checking volumecontrol-linux v0.1.2
    Checking volumecontrol v0.1.4
    Checking volumectl v0.1.0 (/mnt/d/Projects/volume-control/crates/volumectl)
    Finished `dev` profile [unoptimized + debuginfo] target(s) in 1m 32s
